[chetslottt.vercel.app/index2fca.html]
[backblue.gif]
[fade.gif]
[index.html]
[chetslottt.vercel.app/images/favicon.png]
[chetslottt.vercel.app/index-2.html]
[chetslottt.vercel.app/js/jquery.min.js]
[chetslottt.vercel.app/js/jquery-ui.min.js]
[chetslottt.vercel.app/css/jquery-ui.css]
[chetslottt.vercel.app/css/style.css]
[chetslottt.vercel.app/usertrack.com-getfree.pro/server/ust.min.html]
[files.sitestatic.net/ImageFile/6219e2588a8db_jokislot138-logo-gif.gif]
[chetslottt.vercel.app/index2fca.html]
[chetslottt.vercel.app/index-2.html]
[chetslottt.vercel.app/iframe.html]
[chetslottt.vercel.app/css/jquery-ui.css]
[chetslottt.vercel.app/cdnjs.cloudflare.com/ajax/libs/font-awesome/5.12.1/css/all.min.html]
[chetslottt.vercel.app/i.imgur.com/VtVycxM.html]
[chetslottt.vercel.app/css/style.css]
[chetslottt.vercel.app/usertrack.com-getfree.pro/server/ust.min.html]
[chetslottt.vercel.app/cdn-cgi/scripts/7d0fa10a/cloudflare-static/rocket-loader.min.js]
[chetslottt.vercel.app/iframe.html]
[chetslottt.vercel.app/css/ui-bg_highlight-soft_75_cccccc_1x100.html]
[chetslottt.vercel.app/css/ui-bg_glass_75_e6e6e6_1x400.html]
[chetslottt.vercel.app/css/ui-bg_glass_75_dadada_1x400.html]
[chetslottt.vercel.app/css/ui-bg_glass_65_ffffff_1x400.html]
[chetslottt.vercel.app/css/ui-bg_glass_55_fbf9ee_1x400.html]
[chetslottt.vercel.app/css/ui-bg_glass_95_fef1ec_1x400.html]
[chetslottt.vercel.app/css/ui-icons_222222_256x240.html]
[chetslottt.vercel.app/css/ui-icons_454545_256x240.html]
[chetslottt.vercel.app/css/ui-icons_2e83ff_256x240.html]
[chetslottt.vercel.app/css/ui-icons_cd0a0a_256x240.html]
[chetslottt.vercel.app/css/ui-icons_888888_256x240.html]
[chetslottt.vercel.app/cdnjs.cloudflare.com/ajax/libs/font-awesome/5.12.1/css/all.min.html]
[chetslottt.vercel.app/i.imgur.com/VtVycxM.html]
[chetslottt.vercel.app/css/images/recaptcha_blue-circle-anim.html]
[chetslottt.vercel.app/css/images/recaptcha_blue-circle-loading-anim.html]
[chetslottt.vercel.app/css/images/recaptcha_checkmark.html]
[chetslottt.vercel.app/images/navbg.html]
[chetslottt.vercel.app/cdn-cgi/scripts/7d0fa10a/cloudflare-static/rocket-loader.min.html]
